Gazebo multi-robot simulator, version 8.1.1
Copyright (C) 2012 Open Source Robotics Foundation.
Released under the Apache 2 License.
http://gazebosim.org

[1;31m[Err] [RenderEngine.cc:726] [0m[1;31mCan't open display: [0m[1;31m[0m[1;31m
[0m[1;33m[Wrn] [RenderEngine.cc:93] [0m[1;33mUnable to create X window. Rendering will be disabled
[0m[1;33m[Wrn] [RenderEngine.cc:293] [0m[1;33mCannot initialize render engine since [0m[1;33mrender path type is NONE. Ignore this warning if[0m[1;33mrendering has been turned off on purpose.
[0mException sending a message
Exception sending a message
[1;33m[Wrn] [ODEPhysics.cc:221] [0m[1;33mGravity vector is (0, 0, 0). Objects will float.
[0mException sending a message
Exception sending a message
Exception sending a message
Exception sending a message
Exception sending a message
Exception sending a message
Exception sending a message
Exception sending a message
Exception sending a message
Exception sending a message
Exception sending a message
Exception sending a message
Exception sending a message
Exception sending a message
Exception sending a message
Exception sending a message
Exception sending a message
Exception sending a message
Exception sending a message
Exception sending a message
Exception sending a message
Exception sending a message
Exception sending a message
Exception sending a message
Exception sending a message
Exception sending a message
Exception sending a message
Exception sending a message
Exception sending a message
Exception sending a message
Exception sending a message
Exception sending a message
Exception sending a message
Exception sending a message
Exception sending a message
Exception sending a message
Exception sending a message
Exception sending a message
Exception sending a message
Exception sending a message
Exception sending a message
Exception sending a message
Exception sending a message
Exception sending a message
Exception sending a message
Exception sending a message
Exception sending a message
Exception sending a message
Exception sending a message
Exception sending a message
Exception sending a message
Exception sending a message
Exception sending a message
Exception sending a message
Exception sending a message
Exception sending a message
Exception sending a message
Exception sending a message
Exception sending a message
Exception sending a message
Exception sending a message
Exception sending a message
Exception sending a message
Exception sending a message
Exception sending a message
Exception sending a message
Exception sending a message
Exception sending a message
Exception sending a message
Exception sending a message
Exception sending a message
Exception sending a message
Exception sending a message
Exception sending a message
Exception sending a message
Exception sending a message
Exception sending a message
Exception sending a message
Exception sending a message
Exception sending a message
Exception sending a message
Exception sending a message
Exception sending a message
Exception sending a message
Exception sending a message
Exception sending a message
Exception sending a message
Exception sending a message
Exception sending a message
Exception sending a message
Exception sending a message
Exception sending a message
Exception sending a message
Exception sending a message
Exception sending a message
Exception sending a message
Exception sending a message
Exception sending a message
Exception sending a message
Exception sending a message
Exception sending a message
Exception sending a message
Exception sending a message
Exception sending a message
Exception sending a message
Exception sending a message
Exception sending a message
Exception sending a message
Exception sending a message
Exception sending a message
Exception sending a message
Exception sending a message
Exception sending a message
Exception sending a message
Exception sending a message
Exception sending a message
Exception sending a message
Exception sending a message
Exception sending a message
Exception sending a message
Exception sending a message
Exception sending a message
Exception sending a message
Exception sending a message
Exception sending a message
Exception sending a message
Exception sending a message
Exception sending a message
Exception sending a message
Exception sending a message
Exception sending a message
Exception sending a message
Exception sending a message
Exception sending a message
Exception sending a message
Exception sending a message
Exception sending a message
Exception sending a message
Exception sending a message
Exception sending a message
Exception sending a message
Exception sending a message
Exception sending a message
Exception sending a message
Exception sending a message
Exception sending a message
Exception sending a message
Exception sending a message
Exception sending a message
Exception sending a message
Exception sending a message
Exception sending a message
Exception sending a message
Exception sending a message
Exception sending a message
Exception sending a message
Exception sending a message
Exception sending a message
Exception sending a message
Exception sending a message
Exception sending a message
Exception sending a message
Exception sending a message
Exception sending a message
Exception sending a message
Exception sending a message
Exception sending a message
Exception sending a message
Exception sending a message
Exception sending a message
Exception sending a message
Exception sending a message
Exception sending a message
Exception sending a message
Exception sending a message
Exception sending a message
Exception sending a message
Exception sending a message
Exception sending a message
Exception sending a message
Exception sending a message
Exception sending a message
Exception sending a message
Exception sending a message
Exception sending a message
Exception sending a message
Exception sending a message
Exception sending a message
Exception sending a message
Exception sending a message
Exception sending a message
Exception sending a message
Exception sending a message
Exception sending a message
Exception sending a message
Exception sending a message
Exception sending a message
Exception sending a message
Exception sending a message
Exception sending a message
Exception sending a message
Exception sending a message
Exception sending a message
Exception sending a message
Exception sending a message
Exception sending a message
Exception sending a message
Exception sending a message
Exception sending a message
Exception sending a message
Exception sending a message
Exception sending a message
Exception sending a message
Exception sending a message
Exception sending a message
Exception sending a message
Exception sending a message
Exception sending a message
Exception sending a message
Exception sending a message
Exception sending a message
Exception sending a message
Exception sending a message
Exception sending a message
Exception sending a message
Exception sending a message
Exception sending a message
Exception sending a message
Exception sending a message
Exception sending a message
Exception sending a message
Exception sending a message
Exception sending a message
Exception sending a message
Exception sending a message
Exception sending a message
Exception sending a message
Exception sending a message
Exception sending a message
Exception sending a message
Exception sending a message
Exception sending a message
Exception sending a message
Exception sending a message
Exception sending a message
Exception sending a message
Exception sending a message
Exception sending a message
Exception sending a message
Exception sending a message
Exception sending a message
Exception sending a message
Exception sending a message
Exception sending a message
Exception sending a message
Exception sending a message
Exception sending a message
Exception sending a message
Exception sending a message
Exception sending a message
Exception sending a message
Exception sending a message
Exception sending a message
Exception sending a message
Exception sending a message
Exception sending a message
Exception sending a message
Exception sending a message
Exception sending a message
Exception sending a message
Exception sending a message
Exception sending a message
Exception sending a message
Exception sending a message
Exception sending a message
Exception sending a message
Exception sending a message
Exception sending a message
Exception sending a message
Exception sending a message
Exception sending a message
Exception sending a message
Exception sending a message
Exception sending a message
Exception sending a message
Exception sending a message
Exception sending a message
Exception sending a message
Exception sending a message
Exception sending a message
Exception sending a message
Exception sending a message
Exception sending a message
Exception sending a message
Exception sending a message
Exception sending a message
Exception sending a message
Exception sending a message
Exception sending a message
Exception sending a message
Exception sending a message
Exception sending a message
Exception sending a message
Exception sending a message
Exception sending a message
Exception sending a message
Exception sending a message
Exception sending a message
Exception sending a message
Exception sending a message
Exception sending a message
Exception sending a message
Exception sending a message
Exception sending a message
Exception sending a message
Exception sending a message
Exception sending a message
Exception sending a message
Exception sending a message
Exception sending a message
Exception sending a message
Exception sending a message
Exception sending a message
Exception sending a message
Exception sending a message
Exception sending a message
Exception sending a message
Exception sending a message
Exception sending a message
Exception sending a message
Exception sending a message
Exception sending a message
Exception sending a message
Exception sending a message
Exception sending a message
Exception sending a message
Exception sending a message
Exception sending a message
Exception sending a message
Exception sending a message
Exception sending a message
Exception sending a message
Exception sending a message
Exception sending a message
Exception sending a message
Exception sending a message
Exception sending a message
Exception sending a message
Exception sending a message
Exception sending a message
Exception sending a message
Exception sending a message
Exception sending a message
Exception sending a message
Exception sending a message
Exception sending a message
Exception sending a message
Exception sending a message
Exception sending a message
Exception sending a message
Exception sending a message
Exception sending a message
Exception sending a message
Exception sending a message
Exception sending a message
Exception sending a message
Exception sending a message
Exception sending a message
Exception sending a message
Exception sending a message
Exception sending a message
Exception sending a message
Exception sending a message
Exception sending a message
Exception sending a message
Exception sending a message
Exception sending a message
Exception sending a message
Exception sending a message
Exception sending a message
Exception sending a message
Exception sending a message
Exception sending a message
Exception sending a message
Exception sending a message
Exception sending a message
Exception sending a message
Exception sending a message
Exception sending a message
Exception sending a message
Exception sending a message
Exception sending a message
Exception sending a message
Exception sending a message
Exception sending a message
Exception sending a message
Exception sending a message
Exception sending a message
Exception sending a message
Exception sending a message
Exception sending a message
Exception sending a message
Exception sending a message
Exception sending a message
Exception sending a message
Exception sending a message
Exception sending a message
Exception sending a message
Exception sending a message
Exception sending a message
Exception sending a message
Exception sending a message
Exception sending a message
Exception sending a message
Exception sending a message
Exception sending a message
Exception sending a message
Exception sending a message
Exception sending a message
Exception sending a message
Exception sending a message
Exception sending a message
Exception sending a message
Exception sending a message
Exception sending a message
Exception sending a message
Exception sending a message
Exception sending a message
Exception sending a message
Exception sending a message
Exception sending a message
Exception sending a message
Exception sending a message
Exception sending a message
Exception sending a message
Exception sending a message
Exception sending a message
Exception sending a message
Exception sending a message
Exception sending a message
Exception sending a message
Exception sending a message
Exception sending a message
Exception sending a message
Exception sending a message
Exception sending a message
Exception sending a message
Exception sending a message
Exception sending a message
Exception sending a message
Exception sending a message
Exception sending a message
Exception sending a message
Exception sending a message
Exception sending a message
Exception sending a message
Exception sending a message
Exception sending a message
Exception sending a message
Exception sending a message
Exception sending a message
Exception sending a message
Exception sending a message
Exception sending a message
Exception sending a message
Exception sending a message
Exception sending a message
Exception sending a message
Exception sending a message
Exception sending a message
Exception sending a message
Exception sending a message
Exception sending a message
Exception sending a message
Exception sending a message
Exception sending a message
Exception sending a message
Exception sending a message
Exception sending a message
Exception sending a message
Exception sending a message
Exception sending a message
Exception sending a message
Exception sending a message
Exception sending a message
Exception sending a message
Exception sending a message
Exception sending a message
Exception sending a message
Exception sending a message
Exception sending a message
Exception sending a message
Exception sending a message
Exception sending a message
Exception sending a message
Exception sending a message
Exception sending a message
Exception sending a message
Exception sending a message
Exception sending a message
Exception sending a message
Exception sending a message
Exception sending a message
Exception sending a message
Exception sending a message
Exception sending a message
Exception sending a message
Exception sending a message
Exception sending a message
Exception sending a message
Exception sending a message
Exception sending a message
Exception sending a message
Exception sending a message
Exception sending a message
Exception sending a message
Exception sending a message
Exception sending a message
Exception sending a message
Exception sending a message
Exception sending a message
Exception sending a message
Exception sending a message
Exception sending a message
Exception sending a message
Exception sending a message
Exception sending a message
Exception sending a message
Exception sending a message
Exception sending a message
Exception sending a message
Exception sending a message
Exception sending a message
Exception sending a message
Exception sending a message
Exception sending a message
Exception sending a message
Exception sending a message
Exception sending a message
Exception sending a message
Exception sending a message
Exception sending a message
Exception sending a message
Exception sending a message
Exception sending a message
Exception sending a message
Exception sending a message
Exception sending a message
Exception sending a message
Exception sending a message
Exception sending a message
Exception sending a message
Exception sending a message
Exception sending a message
Exception sending a message
Exception sending a message
Exception sending a message
Exception sending a message
Exception sending a message
Exception sending a message
Exception sending a message
Exception sending a message
Exception sending a message
Exception sending a message
Exception sending a message
Exception sending a message
Exception sending a message
Exception sending a message
Exception sending a message
Exception sending a message
Exception sending a message
Exception sending a message
Exception sending a message
Exception sending a message
Exception sending a message
Exception sending a message
Exception sending a message
Exception sending a message
Exception sending a message
Exception sending a message
Exception sending a message
Exception sending a message
Exception sending a message
Exception sending a message
Exception sending a message
Exception sending a message
Exception sending a message
Exception sending a message
Exception sending a message
Exception sending a message
Exception sending a message
Exception sending a message
Exception sending a message
Exception sending a message
Exception sending a message
Exception sending a message
Exception sending a message
Exception sending a message
Exception sending a message
Exception sending a message
Exception sending a message
Exception sending a message
Exception sending a message
Exception sending a message
Exception sending a message
Exception sending a message
Exception sending a message
Exception sending a message
Exception sending a message
Exception sending a message
Exception sending a message
Exception sending a message
Exception sending a message
Exception sending a message
Exception sending a message
Exception sending a message
Exception sending a message
Exception sending a message
Exception sending a message
Exception sending a message
Exception sending a message
Exception sending a message
Exception sending a message
Exception sending a message
Exception sending a message
Exception sending a message
Exception sending a message
Exception sending a message
Exception sending a message
Exception sending a message
Exception sending a message
Exception sending a message
Exception sending a message
Exception sending a message
Exception sending a message
Exception sending a message
Exception sending a message
Exception sending a message
Exception sending a message
Exception sending a message
Exception sending a message
Traceback (most recent call last):
  File "/grasping_sim/catkin_ws/src/grasping_env_catkin/grasping_env/grasping_env/core.py", line 287, in step
    raw_obs = self.world.step(action.tolist())
RuntimeError: unidentifiable C++ exception

During handling of the above exception, another exception occurred:

Traceback (most recent call last):
  File "train.py", line 130, in <module>
    main()
  File "train.py", line 102, in main
    max_kl=MAX_KL)
  File "/grasping_sim/catkin_ws/src/baselines_catkin/baselines/baselines/trpo_mpi/trpo_mpi.py", line 231, in learn
    seg = seg_gen.__next__()
  File "/usr/lib/python3.5/contextlib.py", line 77, in __exit__
    self.gen.throw(type, value, traceback)
  File "/grasping_sim/catkin_ws/src/baselines_catkin/baselines/baselines/trpo_mpi/trpo_mpi.py", line 168, in timed
    yield
  File "/grasping_sim/catkin_ws/src/baselines_catkin/baselines/baselines/trpo_mpi/trpo_mpi.py", line 231, in learn
    seg = seg_gen.__next__()
  File "/grasping_sim/catkin_ws/src/baselines_catkin/baselines/baselines/trpo_mpi/trpo_mpi.py", line 59, in traj_segment_generator
    ob, rew, new, _ = env.step(ac)
  File "/grasping_sim/catkin_ws/src/grasping_env_catkin/grasping_env/grasping_env/core.py", line 303, in step
    raise RuntimeError(err)
RuntimeError: unidentifiable C++ exception
